Archive member included because of file (symbol)

c:/program files (x86)/atmel/atmel toolchain/avr8 gcc/native/3.4.1061/avr8-gnu-toolchain/bin/../lib/gcc/avr/4.8.1/avr5\libgcc.a(_exit.o)
                              c:/program files (x86)/atmel/atmel toolchain/avr8 gcc/native/3.4.1061/avr8-gnu-toolchain/bin/../lib/gcc/avr/4.8.1/../../../../avr/lib/avr5/crtm32a.o (exit)
c:/program files (x86)/atmel/atmel toolchain/avr8 gcc/native/3.4.1061/avr8-gnu-toolchain/bin/../lib/gcc/avr/4.8.1/avr5\libgcc.a(_tablejump.o)
                              GPIO_MCAL.o (__tablejump2__)
c:/program files (x86)/atmel/atmel toolchain/avr8 gcc/native/3.4.1061/avr8-gnu-toolchain/bin/../lib/gcc/avr/4.8.1/avr5\libgcc.a(_copy_data.o)
                              Seven_Segment_ECU.o (__do_copy_data)

Discarded input sections

 .data          0x00000000        0x0 c:/program files (x86)/atmel/atmel toolchain/avr8 gcc/native/3.4.1061/avr8-gnu-toolchain/bin/../lib/gcc/avr/4.8.1/../../../../avr/lib/avr5/crtm32a.o
 .bss           0x00000000        0x0 c:/program files (x86)/atmel/atmel toolchain/avr8 gcc/native/3.4.1061/avr8-gnu-toolchain/bin/../lib/gcc/avr/4.8.1/../../../../avr/lib/avr5/crtm32a.o
 .text          0x00000000        0x0 AVR32_DRIVERS.o
 .data          0x00000000        0x0 AVR32_DRIVERS.o
 .bss           0x00000000        0x0 AVR32_DRIVERS.o
 .text          0x00000000        0x0 Button_driver_ECU.o
 .data          0x00000000        0x0 Button_driver_ECU.o
 .bss           0x00000000        0x0 Button_driver_ECU.o
 .text          0x00000000        0x0 EEPROM_MCAL.o
 .data          0x00000000        0x0 EEPROM_MCAL.o
 .bss           0x00000000        0x0 EEPROM_MCAL.o
 .text.EEPROM_Write
                0x00000000       0x10 EEPROM_MCAL.o
 .text.EEPROM_Read
                0x00000000        0xa EEPROM_MCAL.o
 .debug_info    0x00000000       0xf2 EEPROM_MCAL.o
 .debug_abbrev  0x00000000       0x89 EEPROM_MCAL.o
 .debug_loc     0x00000000       0x26 EEPROM_MCAL.o
 .debug_aranges
                0x00000000       0x28 EEPROM_MCAL.o
 .debug_ranges  0x00000000       0x18 EEPROM_MCAL.o
 .debug_line    0x00000000       0x6d EEPROM_MCAL.o
 .debug_str     0x00000000      0x193 EEPROM_MCAL.o
 .comment       0x00000000       0x31 EEPROM_MCAL.o
 .debug_frame   0x00000000       0x34 EEPROM_MCAL.o
 .text          0x00000000        0x0 GPIO_MCAL.o
 .data          0x00000000        0x0 GPIO_MCAL.o
 .bss           0x00000000        0x0 GPIO_MCAL.o
 .text.GPIO_voidInit
                0x00000000        0xa GPIO_MCAL.o
 .text.GPIO_vwrite_PIN
                0x00000000      0x100 GPIO_MCAL.o
 .progmem.gcc_sw_table.GPIO_vwrite_PIN
                0x00000000       0x48 GPIO_MCAL.o
 .text.GPIO_vtoggle_PIN
                0x00000000       0x7e GPIO_MCAL.o
 .progmem.gcc_sw_table.GPIO_vtoggle_PIN
                0x00000000       0x48 GPIO_MCAL.o
 .text.GPIO_vtoggle_PORT
                0x00000000       0x36 GPIO_MCAL.o
 .progmem.gcc_sw_table.GPIO_vtoggle_PORT
                0x00000000       0x48 GPIO_MCAL.o
 .text.GPIO_read_PORT
                0x00000000       0x42 GPIO_MCAL.o
 .progmem.gcc_sw_table.GPIO_read_PORT
                0x00000000       0x48 GPIO_MCAL.o
 .text          0x00000000        0x0 LCD_ECU.o
 .data          0x00000000        0x0 LCD_ECU.o
 .bss           0x00000000        0x0 LCD_ECU.o
 .debug_line    0x00000000        0x0 LCD_ECU.o
 .debug_str     0x00000000        0x0 LCD_ECU.o
 .comment       0x00000000       0x31 LCD_ECU.o
 .text          0x00000000        0x0 LED_driver_ECU.o
 .data          0x00000000        0x0 LED_driver_ECU.o
 .bss           0x00000000        0x0 LED_driver_ECU.o
 .text.LED_vinitialize
                0x00000000        0x8 LED_driver_ECU.o
 .text.LED_vTurnon
                0x00000000        0x8 LED_driver_ECU.o
 .text.LED_vTurnoff
                0x00000000        0x8 LED_driver_ECU.o
 .text.LED_vToggle
                0x00000000        0x6 LED_driver_ECU.o
 .debug_info    0x00000000      0x21e LED_driver_ECU.o
 .debug_abbrev  0x00000000       0xa8 LED_driver_ECU.o
 .debug_loc     0x00000000      0x108 LED_driver_ECU.o
 .debug_aranges
                0x00000000       0x38 LED_driver_ECU.o
 .debug_ranges  0x00000000       0x28 LED_driver_ECU.o
 .debug_line    0x00000000       0x8f LED_driver_ECU.o
 .debug_str     0x00000000      0x1db LED_driver_ECU.o
 .comment       0x00000000       0x31 LED_driver_ECU.o
 .debug_frame   0x00000000       0x54 LED_driver_ECU.o
 .text          0x00000000        0x0 Seven_Segment_ECU.o
 .data          0x00000000        0x0 Seven_Segment_ECU.o
 .bss           0x00000000        0x0 Seven_Segment_ECU.o
 .text          0x00000000        0x0 c:/program files (x86)/atmel/atmel toolchain/avr8 gcc/native/3.4.1061/avr8-gnu-toolchain/bin/../lib/gcc/avr/4.8.1/avr5\libgcc.a(_exit.o)
 .data          0x00000000        0x0 c:/program files (x86)/atmel/atmel toolchain/avr8 gcc/native/3.4.1061/avr8-gnu-toolchain/bin/../lib/gcc/avr/4.8.1/avr5\libgcc.a(_exit.o)
 .bss           0x00000000        0x0 c:/program files (x86)/atmel/atmel toolchain/avr8 gcc/native/3.4.1061/avr8-gnu-toolchain/bin/../lib/gcc/avr/4.8.1/avr5\libgcc.a(_exit.o)
 .text.libgcc.mul
                0x00000000        0x0 c:/program files (x86)/atmel/atmel toolchain/avr8 gcc/native/3.4.1061/avr8-gnu-toolchain/bin/../lib/gcc/avr/4.8.1/avr5\libgcc.a(_exit.o)
 .text.libgcc.div
                0x00000000        0x0 c:/program files (x86)/atmel/atmel toolchain/avr8 gcc/native/3.4.1061/avr8-gnu-toolchain/bin/../lib/gcc/avr/4.8.1/avr5\libgcc.a(_exit.o)
 .text.libgcc   0x00000000        0x0 c:/program files (x86)/atmel/atmel toolchain/avr8 gcc/native/3.4.1061/avr8-gnu-toolchain/bin/../lib/gcc/avr/4.8.1/avr5\libgcc.a(_exit.o)
 .text.libgcc.prologue
                0x00000000        0x0 c:/program files (x86)/atmel/atmel toolchain/avr8 gcc/native/3.4.1061/avr8-gnu-toolchain/bin/../lib/gcc/avr/4.8.1/avr5\libgcc.a(_exit.o)
 .text.libgcc.builtins
                0x00000000        0x0 c:/program files (x86)/atmel/atmel toolchain/avr8 gcc/native/3.4.1061/avr8-gnu-toolchain/bin/../lib/gcc/avr/4.8.1/avr5\libgcc.a(_exit.o)
 .text.libgcc.fmul
                0x00000000        0x0 c:/program files (x86)/atmel/atmel toolchain/avr8 gcc/native/3.4.1061/avr8-gnu-toolchain/bin/../lib/gcc/avr/4.8.1/avr5\libgcc.a(_exit.o)
 .text.libgcc.fixed
                0x00000000        0x0 c:/program files (x86)/atmel/atmel toolchain/avr8 gcc/native/3.4.1061/avr8-gnu-toolchain/bin/../lib/gcc/avr/4.8.1/avr5\libgcc.a(_exit.o)
 .text          0x00000000        0x0 c:/program files (x86)/atmel/atmel toolchain/avr8 gcc/native/3.4.1061/avr8-gnu-toolchain/bin/../lib/gcc/avr/4.8.1/avr5\libgcc.a(_tablejump.o)
 .data          0x00000000        0x0 c:/program files (x86)/atmel/atmel toolchain/avr8 gcc/native/3.4.1061/avr8-gnu-toolchain/bin/../lib/gcc/avr/4.8.1/avr5\libgcc.a(_tablejump.o)
 .bss           0x00000000        0x0 c:/program files (x86)/atmel/atmel toolchain/avr8 gcc/native/3.4.1061/avr8-gnu-toolchain/bin/../lib/gcc/avr/4.8.1/avr5\libgcc.a(_tablejump.o)
 .text.libgcc.mul
                0x00000000        0x0 c:/program files (x86)/atmel/atmel toolchain/avr8 gcc/native/3.4.1061/avr8-gnu-toolchain/bin/../lib/gcc/avr/4.8.1/avr5\libgcc.a(_tablejump.o)
 .text.libgcc.div
                0x00000000        0x0 c:/program files (x86)/atmel/atmel toolchain/avr8 gcc/native/3.4.1061/avr8-gnu-toolchain/bin/../lib/gcc/avr/4.8.1/avr5\libgcc.a(_tablejump.o)
 .text.libgcc.prologue
                0x00000000        0x0 c:/program files (x86)/atmel/atmel toolchain/avr8 gcc/native/3.4.1061/avr8-gnu-toolchain/bin/../lib/gcc/avr/4.8.1/avr5\libgcc.a(_tablejump.o)
 .text.libgcc.builtins
                0x00000000        0x0 c:/program files (x86)/atmel/atmel toolchain/avr8 gcc/native/3.4.1061/avr8-gnu-toolchain/bin/../lib/gcc/avr/4.8.1/avr5\libgcc.a(_tablejump.o)
 .text.libgcc.fmul
                0x00000000        0x0 c:/program files (x86)/atmel/atmel toolchain/avr8 gcc/native/3.4.1061/avr8-gnu-toolchain/bin/../lib/gcc/avr/4.8.1/avr5\libgcc.a(_tablejump.o)
 .text.libgcc.fixed
                0x00000000        0x0 c:/program files (x86)/atmel/atmel toolchain/avr8 gcc/native/3.4.1061/avr8-gnu-toolchain/bin/../lib/gcc/avr/4.8.1/avr5\libgcc.a(_tablejump.o)
 .text          0x00000000        0x0 c:/program files (x86)/atmel/atmel toolchain/avr8 gcc/native/3.4.1061/avr8-gnu-toolchain/bin/../lib/gcc/avr/4.8.1/avr5\libgcc.a(_copy_data.o)
 .data          0x00000000        0x0 c:/program files (x86)/atmel/atmel toolchain/avr8 gcc/native/3.4.1061/avr8-gnu-toolchain/bin/../lib/gcc/avr/4.8.1/avr5\libgcc.a(_copy_data.o)
 .bss           0x00000000        0x0 c:/program files (x86)/atmel/atmel toolchain/avr8 gcc/native/3.4.1061/avr8-gnu-toolchain/bin/../lib/gcc/avr/4.8.1/avr5\libgcc.a(_copy_data.o)
 .text.libgcc.mul
                0x00000000        0x0 c:/program files (x86)/atmel/atmel toolchain/avr8 gcc/native/3.4.1061/avr8-gnu-toolchain/bin/../lib/gcc/avr/4.8.1/avr5\libgcc.a(_copy_data.o)
 .text.libgcc.div
                0x00000000        0x0 c:/program files (x86)/atmel/atmel toolchain/avr8 gcc/native/3.4.1061/avr8-gnu-toolchain/bin/../lib/gcc/avr/4.8.1/avr5\libgcc.a(_copy_data.o)
 .text.libgcc   0x00000000        0x0 c:/program files (x86)/atmel/atmel toolchain/avr8 gcc/native/3.4.1061/avr8-gnu-toolchain/bin/../lib/gcc/avr/4.8.1/avr5\libgcc.a(_copy_data.o)
 .text.libgcc.prologue
                0x00000000        0x0 c:/program files (x86)/atmel/atmel toolchain/avr8 gcc/native/3.4.1061/avr8-gnu-toolchain/bin/../lib/gcc/avr/4.8.1/avr5\libgcc.a(_copy_data.o)
 .text.libgcc.builtins
                0x00000000        0x0 c:/program files (x86)/atmel/atmel toolchain/avr8 gcc/native/3.4.1061/avr8-gnu-toolchain/bin/../lib/gcc/avr/4.8.1/avr5\libgcc.a(_copy_data.o)
 .text.libgcc.fmul
                0x00000000        0x0 c:/program files (x86)/atmel/atmel toolchain/avr8 gcc/native/3.4.1061/avr8-gnu-toolchain/bin/../lib/gcc/avr/4.8.1/avr5\libgcc.a(_copy_data.o)
 .text.libgcc.fixed
                0x00000000        0x0 c:/program files (x86)/atmel/atmel toolchain/avr8 gcc/native/3.4.1061/avr8-gnu-toolchain/bin/../lib/gcc/avr/4.8.1/avr5\libgcc.a(_copy_data.o)

Memory Configuration

Name             Origin             Length             Attributes
text             0x00000000         0x00020000         xr
data             0x00800060         0x0000ffa0         rw !x
eeprom           0x00810000         0x00010000         rw !x
fuse             0x00820000         0x00000400         rw !x
lock             0x00830000         0x00000400         rw !x
signature        0x00840000         0x00000400         rw !x
user_signatures  0x00850000         0x00000400         rw !x
*default*        0x00000000         0xffffffff

Linker script and memory map

LOAD c:/program files (x86)/atmel/atmel toolchain/avr8 gcc/native/3.4.1061/avr8-gnu-toolchain/bin/../lib/gcc/avr/4.8.1/../../../../avr/lib/avr5/crtm32a.o
LOAD AVR32_DRIVERS.o
LOAD Button_driver_ECU.o
LOAD EEPROM_MCAL.o
LOAD GPIO_MCAL.o
LOAD LCD_ECU.o
LOAD LED_driver_ECU.o
LOAD Seven_Segment_ECU.o
START GROUP
LOAD c:/program files (x86)/atmel/atmel toolchain/avr8 gcc/native/3.4.1061/avr8-gnu-toolchain/bin/../lib/gcc/avr/4.8.1/../../../../avr/lib/avr5\libm.a
END GROUP
START GROUP
LOAD c:/program files (x86)/atmel/atmel toolchain/avr8 gcc/native/3.4.1061/avr8-gnu-toolchain/bin/../lib/gcc/avr/4.8.1/avr5\libgcc.a
LOAD c:/program files (x86)/atmel/atmel toolchain/avr8 gcc/native/3.4.1061/avr8-gnu-toolchain/bin/../lib/gcc/avr/4.8.1/../../../../avr/lib/avr5\libm.a
LOAD c:/program files (x86)/atmel/atmel toolchain/avr8 gcc/native/3.4.1061/avr8-gnu-toolchain/bin/../lib/gcc/avr/4.8.1/../../../../avr/lib/avr5\libc.a
END GROUP

.hash
 *(.hash)

.dynsym
 *(.dynsym)

.dynstr
 *(.dynstr)

.gnu.version
 *(.gnu.version)

.gnu.version_d
 *(.gnu.version_d)

.gnu.version_r
 *(.gnu.version_r)

.rel.init
 *(.rel.init)

.rela.init
 *(.rela.init)

.rel.text
 *(.rel.text)
 *(.rel.text.*)
 *(.rel.gnu.linkonce.t*)

.rela.text
 *(.rela.text)
 *(.rela.text.*)
 *(.rela.gnu.linkonce.t*)

.rel.fini
 *(.rel.fini)

.rela.fini
 *(.rela.fini)

.rel.rodata
 *(.rel.rodata)
 *(.rel.rodata.*)
 *(.rel.gnu.linkonce.r*)

.rela.rodata
 *(.rela.rodata)
 *(.rela.rodata.*)
 *(.rela.gnu.linkonce.r*)

.rel.data
 *(.rel.data)
 *(.rel.data.*)
 *(.rel.gnu.linkonce.d*)

.rela.data
 *(.rela.data)
 *(.rela.data.*)
 *(.rela.gnu.linkonce.d*)

.rel.ctors
 *(.rel.ctors)

.rela.ctors
 *(.rela.ctors)

.rel.dtors
 *(.rel.dtors)

.rela.dtors
 *(.rela.dtors)

.rel.got
 *(.rel.got)

.rela.got
 *(.rela.got)

.rel.bss
 *(.rel.bss)

.rela.bss
 *(.rela.bss)

.rel.plt
 *(.rel.plt)

.rela.plt
 *(.rela.plt)

.text           0x00000000      0x856
 *(.vectors)
 .vectors       0x00000000       0x54 c:/program files (x86)/atmel/atmel toolchain/avr8 gcc/native/3.4.1061/avr8-gnu-toolchain/bin/../lib/gcc/avr/4.8.1/../../../../avr/lib/avr5/crtm32a.o
                0x00000000                __vector_default
                0x00000000                __vectors
 *(.vectors)
 *(.progmem.gcc*)
 .progmem.gcc_sw_table.GPIO_vsetPIN_DIR
                0x00000054       0x48 GPIO_MCAL.o
 .progmem.gcc_sw_table.GPIO_u8read_PIN
                0x0000009c       0x48 GPIO_MCAL.o
 .progmem.gcc_sw_table.GPIO_vset_PORT_DIR
                0x000000e4       0x48 GPIO_MCAL.o
 .progmem.gcc_sw_table.GPIO_vwrite_PORT
                0x0000012c       0x48 GPIO_MCAL.o
 .progmem.gcc_sw_table.GPIO_vconnectpullup
                0x00000174       0x48 GPIO_MCAL.o
 .progmem.gcc_sw_table.GPIO_High_Nibble_vwrite
                0x000001bc       0x48 GPIO_MCAL.o
 .progmem.gcc_sw_table.GPIO_Low_Nibble_vwrite
                0x00000204       0x48 GPIO_MCAL.o
                0x0000024c                . = ALIGN (0x2)
                0x0000024c                __trampolines_start = .
 *(.trampolines)
 .trampolines   0x0000024c        0x0 linker stubs
 *(.trampolines*)
                0x0000024c                __trampolines_end = .
 *(.progmem*)
                0x0000024c                . = ALIGN (0x2)
 *(.jumptables)
 *(.jumptables*)
 *(.lowtext)
 *(.lowtext*)
                0x0000024c                __ctors_start = .
 *(.ctors)
                0x0000024c                __ctors_end = .
                0x0000024c                __dtors_start = .
 *(.dtors)
                0x0000024c                __dtors_end = .
 SORT(*)(.ctors)
 SORT(*)(.dtors)
 *(.init0)
 .init0         0x0000024c        0x0 c:/program files (x86)/atmel/atmel toolchain/avr8 gcc/native/3.4.1061/avr8-gnu-toolchain/bin/../lib/gcc/avr/4.8.1/../../../../avr/lib/avr5/crtm32a.o
                0x0000024c                __init
 *(.init0)
 *(.init1)
 *(.init1)
 *(.init2)
 .init2         0x0000024c        0xc c:/program files (x86)/atmel/atmel toolchain/avr8 gcc/native/3.4.1061/avr8-gnu-toolchain/bin/../lib/gcc/avr/4.8.1/../../../../avr/lib/avr5/crtm32a.o
 *(.init2)
 *(.init3)
 *(.init3)
 *(.init4)
 .init4         0x00000258       0x16 c:/program files (x86)/atmel/atmel toolchain/avr8 gcc/native/3.4.1061/avr8-gnu-toolchain/bin/../lib/gcc/avr/4.8.1/avr5\libgcc.a(_copy_data.o)
                0x00000258                __do_copy_data
 *(.init4)
 *(.init5)
 *(.init5)
 *(.init6)
 *(.init6)
 *(.init7)
 *(.init7)
 *(.init8)
 *(.init8)
 *(.init9)
 .init9         0x0000026e        0x8 c:/program files (x86)/atmel/atmel toolchain/avr8 gcc/native/3.4.1061/avr8-gnu-toolchain/bin/../lib/gcc/avr/4.8.1/../../../../avr/lib/avr5/crtm32a.o
 *(.init9)
 *(.text)
 .text          0x00000276        0x4 c:/program files (x86)/atmel/atmel toolchain/avr8 gcc/native/3.4.1061/avr8-gnu-toolchain/bin/../lib/gcc/avr/4.8.1/../../../../avr/lib/avr5/crtm32a.o
                0x00000276                __vector_1
                0x00000276                __vector_12
                0x00000276                __bad_interrupt
                0x00000276                __vector_6
                0x00000276                __vector_3
                0x00000276                __vector_11
                0x00000276                __vector_13
                0x00000276                __vector_17
                0x00000276                __vector_19
                0x00000276                __vector_7
                0x00000276                __vector_5
                0x00000276                __vector_4
                0x00000276                __vector_9
                0x00000276                __vector_2
                0x00000276                __vector_15
                0x00000276                __vector_8
                0x00000276                __vector_14
                0x00000276                __vector_10
                0x00000276                __vector_16
                0x00000276                __vector_18
                0x00000276                __vector_20
                0x0000027a                . = ALIGN (0x2)
 *(.text.*)
 .text.main     0x0000027a       0x52 AVR32_DRIVERS.o
                0x0000027a                main
 .text.BUTTON_vInit
                0x000002cc        0x8 Button_driver_ECU.o
                0x000002cc                BUTTON_vInit
 .text.BUTTON_u8read
                0x000002d4       0x26 Button_driver_ECU.o
                0x000002d4                BUTTON_u8read
 .text.GPIO_vsetPIN_DIR
                0x000002fa      0x100 GPIO_MCAL.o
                0x000002fa                GPIO_vsetPIN_DIR
 .text.GPIO_u8read_PIN
                0x000003fa       0xc6 GPIO_MCAL.o
                0x000003fa                GPIO_u8read_PIN
 .text.GPIO_vset_PORT_DIR
                0x000004c0       0x26 GPIO_MCAL.o
                0x000004c0                GPIO_vset_PORT_DIR
 .text.GPIO_vwrite_PORT
                0x000004e6       0x26 GPIO_MCAL.o
                0x000004e6                GPIO_vwrite_PORT
 .text.GPIO_vconnectpullup
                0x0000050c      0x118 GPIO_MCAL.o
                0x0000050c                GPIO_vconnectpullup
 .text.GPIO_High_Nibble_vset_dir
                0x00000624       0x5a GPIO_MCAL.o
                0x00000624                GPIO_High_Nibble_vset_dir
 .text.GPIO_High_Nibble_vwrite
                0x0000067e       0x52 GPIO_MCAL.o
                0x0000067e                GPIO_High_Nibble_vwrite
 .text.GPIO_Low_Nibble_vset_dir
                0x000006d0       0x5a GPIO_MCAL.o
                0x000006d0                GPIO_Low_Nibble_vset_dir
 .text.GPIO_Low_Nibble_vwrite
                0x0000072a       0x50 GPIO_MCAL.o
                0x0000072a                GPIO_Low_Nibble_vwrite
 .text.Seven_Segment_Init
                0x0000077a       0x30 Seven_Segment_ECU.o
                0x0000077a                Seven_Segment_Init
 .text.Seven_Segment_Display
                0x000007aa       0x9c Seven_Segment_ECU.o
                0x000007aa                Seven_Segment_Display
 .text.libgcc   0x00000846        0xc c:/program files (x86)/atmel/atmel toolchain/avr8 gcc/native/3.4.1061/avr8-gnu-toolchain/bin/../lib/gcc/avr/4.8.1/avr5\libgcc.a(_tablejump.o)
                0x00000846                __tablejump2__
                0x0000084a                __tablejump__
                0x00000852                . = ALIGN (0x2)
 *(.fini9)
 .fini9         0x00000852        0x0 c:/program files (x86)/atmel/atmel toolchain/avr8 gcc/native/3.4.1061/avr8-gnu-toolchain/bin/../lib/gcc/avr/4.8.1/avr5\libgcc.a(_exit.o)
                0x00000852                _exit
                0x00000852                exit
 *(.fini9)
 *(.fini8)
 *(.fini8)
 *(.fini7)
 *(.fini7)
 *(.fini6)
 *(.fini6)
 *(.fini5)
 *(.fini5)
 *(.fini4)
 *(.fini4)
 *(.fini3)
 *(.fini3)
 *(.fini2)
 *(.fini2)
 *(.fini1)
 *(.fini1)
 *(.fini0)
 .fini0         0x00000852        0x4 c:/program files (x86)/atmel/atmel toolchain/avr8 gcc/native/3.4.1061/avr8-gnu-toolchain/bin/../lib/gcc/avr/4.8.1/avr5\libgcc.a(_exit.o)
 *(.fini0)
                0x00000856                _etext = .

.data           0x00800060       0x10 load address 0x00000856
                0x00800060                PROVIDE (__data_start, .)
 *(.data)
 *(.data*)
 *(.rodata)
 .rodata        0x00800060       0x10 Seven_Segment_ECU.o
 *(.rodata*)
 *(.gnu.linkonce.d*)
                0x00800070                . = ALIGN (0x2)
                0x00800070                _edata = .
                0x00800070                PROVIDE (__data_end, .)

.bss            0x00800070        0x0
                0x00800070                PROVIDE (__bss_start, .)
 *(.bss)
 *(.bss*)
 *(COMMON)
                0x00800070                PROVIDE (__bss_end, .)
                0x00000856                __data_load_start = LOADADDR (.data)
                0x00000866                __data_load_end = (__data_load_start + SIZEOF (.data))

.noinit         0x00800070        0x0
                0x00800070                PROVIDE (__noinit_start, .)
 *(.noinit*)
                0x00800070                PROVIDE (__noinit_end, .)
                0x00800070                _end = .
                0x00800070                PROVIDE (__heap_start, .)

.eeprom         0x00810000        0x0
 *(.eeprom*)
                0x00810000                __eeprom_end = .

.fuse
 *(.fuse)
 *(.lfuse)
 *(.hfuse)
 *(.efuse)

.lock
 *(.lock*)

.signature
 *(.signature*)

.user_signatures
 *(.user_signatures*)

.stab
 *(.stab)

.stabstr
 *(.stabstr)

.stab.excl
 *(.stab.excl)

.stab.exclstr
 *(.stab.exclstr)

.stab.index
 *(.stab.index)

.stab.indexstr
 *(.stab.indexstr)

.comment        0x00000000       0x30
 *(.comment)
 .comment       0x00000000       0x30 AVR32_DRIVERS.o
                                 0x31 (size before relaxing)
 .comment       0x00000000       0x31 Button_driver_ECU.o
 .comment       0x00000000       0x31 GPIO_MCAL.o
 .comment       0x00000000       0x31 Seven_Segment_ECU.o

.note.gnu.build-id
 *(.note.gnu.build-id)

.debug
 *(.debug)

.line
 *(.line)

.debug_srcinfo
 *(.debug_srcinfo)

.debug_sfnames
 *(.debug_sfnames)

.debug_aranges  0x00000000       0xf8
 *(.debug_aranges)
 .debug_aranges
                0x00000000       0x20 AVR32_DRIVERS.o
 .debug_aranges
                0x00000020       0x28 Button_driver_ECU.o
 .debug_aranges
                0x00000048       0x88 GPIO_MCAL.o
 .debug_aranges
                0x000000d0       0x28 Seven_Segment_ECU.o

.debug_pubnames
 *(.debug_pubnames)

.debug_info     0x00000000      0xcb9
 *(.debug_info .gnu.linkonce.wi.*)
 .debug_info    0x00000000      0x268 AVR32_DRIVERS.o
 .debug_info    0x00000268      0x20a Button_driver_ECU.o
 .debug_info    0x00000472      0x57a GPIO_MCAL.o
 .debug_info    0x000009ec      0x2cd Seven_Segment_ECU.o

.debug_abbrev   0x00000000      0x54d
 *(.debug_abbrev)
 .debug_abbrev  0x00000000      0x160 AVR32_DRIVERS.o
 .debug_abbrev  0x00000160      0x16b Button_driver_ECU.o
 .debug_abbrev  0x000002cb      0x187 GPIO_MCAL.o
 .debug_abbrev  0x00000452       0xfb Seven_Segment_ECU.o

.debug_line     0x00000000      0x533
 *(.debug_line .debug_line.* .debug_line_end)
 .debug_line    0x00000000      0x192 AVR32_DRIVERS.o
 .debug_line    0x00000192      0x167 Button_driver_ECU.o
 .debug_line    0x000002f9      0x1b5 GPIO_MCAL.o
 .debug_line    0x000004ae       0x85 Seven_Segment_ECU.o

.debug_frame    0x00000000      0x1bc
 *(.debug_frame)
 .debug_frame   0x00000000       0x24 AVR32_DRIVERS.o
 .debug_frame   0x00000024       0x40 Button_driver_ECU.o
 .debug_frame   0x00000064      0x114 GPIO_MCAL.o
 .debug_frame   0x00000178       0x44 Seven_Segment_ECU.o

.debug_str      0x00000000      0x369
 *(.debug_str)
 .debug_str     0x00000000      0x1e8 AVR32_DRIVERS.o
                                0x21c (size before relaxing)
 .debug_str     0x000001e8       0x3f Button_driver_ECU.o
                                0x204 (size before relaxing)
 .debug_str     0x00000227      0x10f GPIO_MCAL.o
                                0x2a8 (size before relaxing)
 .debug_str     0x00000336       0x33 Seven_Segment_ECU.o
                                0x246 (size before relaxing)

.debug_loc      0x00000000     0x1188
 *(.debug_loc)
 .debug_loc     0x00000000       0x13 AVR32_DRIVERS.o
 .debug_loc     0x00000013       0xc9 Button_driver_ECU.o
 .debug_loc     0x000000dc      0xd9b GPIO_MCAL.o
 .debug_loc     0x00000e77      0x311 Seven_Segment_ECU.o

.debug_macinfo
 *(.debug_macinfo)

.debug_weaknames
 *(.debug_weaknames)

.debug_funcnames
 *(.debug_funcnames)

.debug_typenames
 *(.debug_typenames)

.debug_varnames
 *(.debug_varnames)

.debug_pubtypes
 *(.debug_pubtypes)

.debug_ranges   0x00000000       0xb8
 *(.debug_ranges)
 .debug_ranges  0x00000000       0x10 AVR32_DRIVERS.o
 .debug_ranges  0x00000010       0x18 Button_driver_ECU.o
 .debug_ranges  0x00000028       0x78 GPIO_MCAL.o
 .debug_ranges  0x000000a0       0x18 Seven_Segment_ECU.o

.debug_macro
 *(.debug_macro)
OUTPUT(AVR32_DRIVERS.elf elf32-avr)
LOAD linker stubs
